Microchip MPLAB XC8 Compiler V1.12 ()

Linker command line:

--edf=/opt/microchip/xc8/v1.12/dat/en_msgs.txt -cs \
  -h+dist/default/production/RadioMux2.production.sym -z -Q18F26K22 -ol.obj \
  -Mdist/default/production/RadioMux2.production.map -E1 -ver=XC8 \
  -ACODE=00h-0FFFFh -ACONST=00h-0FFFFh -ASMALLCONST=01000h-010FFhx240 \
  -AMEDIUMCONST=01000h-0FFFFh -ACOMRAM=01h-05Fh -AABS1=00h-0F37h \
  -ABIGRAM=01h-0F37h -ARAM=060h-0FFh,0100h-01FFhx14,0F00h-0F37h \
  -ABANK0=060h-0FFh -ABANK1=0100h-01FFh -ABANK2=0200h-02FFh \
  -ABANK3=0300h-03FFh -ABANK4=0400h-04FFh -ABANK5=0500h-05FFh \
  -ABANK6=0600h-06FFh -ABANK7=0700h-07FFh -ABANK8=0800h-08FFh \
  -ABANK9=0900h-09FFh -ABANK10=0A00h-0AFFh -ABANK11=0B00h-0BFFh \
  -ABANK12=0C00h-0CFFh -ABANK13=0D00h-0DFFh -ABANK14=0E00h-0EFFh \
  -ABANK15=0F00h-0F37h -ASFR=0F38h-0F5Fh,0F60h-0FFFh \
  -preset_vec=00h,intcode=08h,intcodelo,powerup,init,end_init \
  -pramtop=01000h -psmallconst=SMALLCONST -pmediumconst=MEDIUMCONST \
  -pconst=CONST -AFARRAM=00h-00h -ACONFIG=0300000h-030000Dh -pconfig=CONFIG \
  -AIDLOC=0200000h-0200007h -pidloc=IDLOC -AEEDATA=0F00000h-0F003FFh \
  -peeprom_data=EEDATA \
  -prdata=COMRAM,nvrram=COMRAM,nvbit=COMRAM,rbss=COMRAM,rbit=COMRAM \
  -pfarbss=FARRAM,fardata=FARRAM \
  -pintsave_regs=BIGRAM,bigbss=BIGRAM,bigdata=BIGRAM -pbss=RAM \
  -pidata=CODE,irdata=CODE,ibigdata=CODE,ifardata=CODE /tmp/cgtr4iQNJ.obj \
  dist/default/production/RadioMux2.production.obj 

Object code version is 3.10

Machine type is 18F26K22

Call graph: (short form)




                Name                               Link     Load   Length Selector   Space Scale
/tmp/cgtr4iQNJ.obj
                end_init                            446      446        4        4       0
                reset_vec                             0        0        4        0       0
                idloc                            200000   200000        8   200000       0
                config                           300000   300000        E   300000       0
dist/default/production/RadioMux2.production.obj
                intcode                               8        8      43E        4       0
                text12                              6B4      6B4        6      347       0
                text11                              50E      50E       BC        4       0
                text10                              69A      69A        8      347       0
                text9                               68E      68E        C      347       0
                text8                               6AE      6AE        6      347       0
                text7                               6A8      6A8        6      347       0
                text5                               5CA      5CA       3E        4       0
                text4                               6A2      6A2        6      347       0
                text3                               658      658       1A        4       0
                text2                               63A      63A       1E        4       0
                text1                               672      672        E        4       0
                text0                               44A      44A       C4        4       0
                cstackCOMRAM                         1F       1F       1D        1       1
                dataCOMRAM                           3C       3C        D        1       1
                bssCOMRAM                             1        1       1E        1       1
                cinit                               608      608       32        4       0
                nvCOMRAM                             49       49        C        1       1
                idataCOMRAM                         680      680        D        4       0

TOTAL           Name                               Link     Load   Length     Space
        CLASS   CODE           
                end_init                            446      446        4         0
                intcode                               8        8      43E         0
                reset_vec                             0        0        4         0
                text12                              6B4      6B4        6         0
                text11                              50E      50E       BC         0
                text10                              69A      69A        8         0
                text9                               68E      68E        C         0
                text8                               6AE      6AE        6         0
                text7                               6A8      6A8        6         0
                text5                               5CA      5CA       3E         0
                text4                               6A2      6A2        6         0
                text3                               658      658       1A         0
                text2                               63A      63A       1E         0
                text1                               672      672        E         0
                text0                               44A      44A       C4         0
                cinit                               608      608       32         0
                idataCOMRAM                         680      680        D         0

        CLASS   CONST          

        CLASS   SMALLCONST     

        CLASS   MEDIUMCONST    

        CLASS   COMRAM         
                cstackCOMRAM                         1F       1F       1D         1
                dataCOMRAM                           3C       3C        D         1
                bssCOMRAM                             1        1       1E         1
                nvCOMRAM                             49       49        C         1

        CLASS   ABS1           

        CLASS   BIGRAM         

        CLASS   RAM            

        CLASS   BANK0          

        CLASS   BANK1          

        CLASS   BANK2          

        CLASS   BANK3          

        CLASS   BANK4          

        CLASS   BANK5          

        CLASS   BANK6          

        CLASS   BANK7          

        CLASS   BANK8          

        CLASS   BANK9          

        CLASS   BANK10         

        CLASS   BANK11         

        CLASS   BANK12         

        CLASS   BANK13         

        CLASS   BANK14         

        CLASS   BANK15         

        CLASS   SFR            

        CLASS   FARRAM         

        CLASS   CONFIG         
                config                           300000   300000        E         0

        CLASS   IDLOC          
                idloc                            200000   200000        8         0

        CLASS   EEDATA         



SEGMENTS        Name                           Load    Length   Top    Selector   Space  Class

                reset_vec                      000000  000004  000004         0       0  CODE    
                bssCOMRAM                      000001  000054  000055         1       1  COMRAM  
                intcode                        000008  000685  00068D         4       0  CODE    
                text9                          00068E  00002C  0006BA       347       0  CODE    
                idloc                          200000  000008  200008    200000       0  IDLOC   
                config                         300000  00000E  30000E    300000       0  CONFIG  


UNUSED ADDRESS RANGES

        Name                Unused          Largest block    Delta
        BANK0            000060-0000FF               A0
        BANK1            000100-0001FF              100
        BANK10           000A00-000AFF              100
        BANK11           000B00-000BFF              100
        BANK12           000C00-000CFF              100
        BANK13           000D00-000DFF              100
        BANK14           000E00-000EFF              100
        BANK15           000F00-000F37               38
        BANK2            000200-0002FF              100
        BANK3            000300-0003FF              100
        BANK4            000400-0004FF              100
        BANK5            000500-0005FF              100
        BANK6            000600-0006FF              100
        BANK7            000700-0007FF              100
        BANK8            000800-0008FF              100
        BANK9            000900-0009FF              100
        BIGRAM           000055-000F37              EE3
        CODE             000004-000007                4
                         00068D-00068D                1
                         0006BA-00FFFF             F946
        COMRAM           000055-00005F                B
        CONST            000004-000007                4
                         00068D-00068D                1
                         0006BA-00FFFF             F946
        EEDATA           F00000-F003FF              400
        MEDIUMCONST      001000-00FFFF             F000
        RAM              000060-000F37              100
        SFR              000F38-000FFF               28
        SMALLCONST       001000-00FFFF              100

                                  Symbol Table

?_SETUP_T0_activate            cstackCOMRAM 00001F
?___awdiv                      cstackCOMRAM 00001F
InterruptHandlerHigh@buffer    cstackCOMRAM 000037
SETUP_T0_activate@TIMER_MATCH  cstackCOMRAM 00001F
_AIL_PWM_BUFFER_REG            bssCOMRAM    000005
_AIL_PWM_REG                   nvCOMRAM     000049
_AIL_n                         dataCOMRAM   000042
_ANSELB                        (abs)        000F39
_ANSELC                        (abs)        000F3A
_AUX_PWM_BUFFER_REG            bssCOMRAM    000007
_AUX_PWM_REG                   nvCOMRAM     00004B
_AUX_n                         dataCOMRAM   000043
_ELEV_PWM_BUFFER_REG           bssCOMRAM    000009
_ELEV_PWM_REG                  nvCOMRAM     00004D
_ELEV_n                        dataCOMRAM   000044
_ESC_PWM_BUFFER_REG            bssCOMRAM    00000B
_ESC_PWM_REG                   nvCOMRAM     00004F
_ESC_n                         dataCOMRAM   000045
_GEAR_PWM_BUFFER_REG           bssCOMRAM    00000D
_GEAR_PWM_REG                  nvCOMRAM     000051
_GEAR_n                        dataCOMRAM   000046
_I2C_FSM                       bssCOMRAM    000013
_INTCON2bits                   (abs)        000FF1
_INTCONbits                    (abs)        000FF2
_InterruptHandlerHigh          intcode      000008
_LATAbits                      (abs)        000F89
_LATBbits                      (abs)        000F8A
_LATCbits                      (abs)        000F8B
_OSCCONbits                    (abs)        000FD3
_OSCTUNEbits                   (abs)        000F9B
_PIE1bits                      (abs)        000F9D
_PIR1bits                      (abs)        000F9E
_PWM_SET                       dataCOMRAM   000047
_RCONbits                      (abs)        000FD0
_RECEIVING_FROM_MASTER         bssCOMRAM    000014
_RUDD_PWM_BUFFER_REG           bssCOMRAM    00000F
_RUDD_PWM_REG                  nvCOMRAM     000053
_RUDD_n                        dataCOMRAM   000048
_SETUP_PWM                     text5        0005CA
_SETUP_T0_activate             text9        00068E
_SETUP_T0_deactivate           text10       00069A
_SETUP_clock                   text1        000672
_SETUP_i2c                     text3        000658
_SETUP_io                      text2        00063A
_SETUP_releaseI2C              text8        0006AE
_SETUP_swI2C_intOff            text7        0006A8
_SETUP_swI2C_intOn             text4        0006A2
_SSP1ADD                       (abs)        000FC8
_SSP1BUF                       (abs)        000FC9
_SSP1CON1bits                  (abs)        000FC6
_SSP1CON2bits                  (abs)        000FC5
_SSP1STATbits                  (abs)        000FC7
_T0CON                         (abs)        000FD5
_T0CONbits                     (abs)        000FD5
_TMR0L                         (abs)        000FD6
_TRISAbits                     (abs)        000F92
_TRISBbits                     (abs)        000F93
_TRISC                         (abs)        000F94
_TRISCbits                     (abs)        000F94
__CFG_BOREN$SBORDIS            (abs)        000000
__CFG_BORV$250                 (abs)        000000
__CFG_CCP2MX$PORTB3            (abs)        000000
__CFG_CCP3MX$PORTB5            (abs)        000000
__CFG_DEBUG$ON                 (abs)        000000
__CFG_FCMEN$OFF                (abs)        000000
__CFG_FOSC$INTIO67             (abs)        000000
__CFG_IESO$OFF                 (abs)        000000
__CFG_MCLRE$EXTMCLR            (abs)        000000
__CFG_PBADEN$OFF               (abs)        000000
__CFG_PLLCFG$ON                (abs)        000000
__CFG_PRICLKEN$ON              (abs)        000000
__CFG_PWRTEN$ON                (abs)        000000
__CFG_STVREN$ON                (abs)        000000
__CFG_WDTEN$ON                 (abs)        000000
__CFG_WDTPS$128                (abs)        000000
__HRAM                         (abs)        000000
__Habs1                        abs1         000000
__Hbank0                       bank0        000000
__Hbank1                       bank1        000000
__Hbank10                      bank10       000000
__Hbank11                      bank11       000000
__Hbank12                      bank12       000000
__Hbank13                      bank13       000000
__Hbank14                      bank14       000000
__Hbank15                      bank15       000000
__Hbank2                       bank2        000000
__Hbank3                       bank3        000000
__Hbank4                       bank4        000000
__Hbank5                       bank5        000000
__Hbank6                       bank6        000000
__Hbank7                       bank7        000000
__Hbank8                       bank8        000000
__Hbank9                       bank9        000000
__Hbigbss                      bigbss       000000
__Hbigdata                     bigdata      000000
__Hbigram                      bigram       000000
__Hbss                         bss          000000
__HbssCOMRAM                   bssCOMRAM    000000
__Hcinit                       cinit        000000
__Hclrtext                     clrtext      000000
__Hcomram                      comram       000000
__Hconfig                      config       30000E
__Hconst                       const        000000
__HcstackCOMRAM                cstackCOMRAM 000000
__Hdata                        data         000000
__HdataCOMRAM                  dataCOMRAM   000000
__Heeprom_data                 eeprom_data  000000
__Hend_init                    end_init     00044A
__Hfarbss                      farbss       000000
__Hfardata                     fardata      000000
__Hibigdata                    ibigdata     000000
__Hidata                       idata        000000
__HidataCOMRAM                 idataCOMRAM  000000
__Hidloc                       idloc        200008
__Hifardata                    ifardata     000000
__Hinit                        init         000446
__Hintcode                     intcode      000446
__Hintcode_body                intcode_body 000000
__Hintcodelo                   intcodelo    000446
__Hintentry                    intentry     000000
__Hintret                      intret       000000
__Hintsave_regs                intsave_regs 000000
__Hirdata                      irdata       000000
__Hmediumconst                 mediumconst  000000
__HnvCOMRAM                    nvCOMRAM     000000
__Hnvbit                       nvbit        000000
__Hnvrram                      nvrram       000000
__Hparam                       rparam       000000
__Hpowerup                     powerup      000446
__Hram                         ram          000000
__Hramtop                      ramtop       001000
__Hrbit                        rbit         000000
__Hrbss                        rbss         000000
__Hrdata                       rdata        000000
__Hreset_vec                   reset_vec    000004
__Hrparam                      rparam       000000
__Hsfr                         sfr          000000
__Hsmallconst                  smallconst   000000
__Hstruct                      struct       000000
__Htemp                        temp         000000
__Htext                        text         000000
__Htext0                       text0        000000
__Htext1                       text1        000000
__Htext10                      text10       000000
__Htext11                      text11       000000
__Htext12                      text12       000000
__Htext13                      text13       000000
__Htext2                       text2        000000
__Htext3                       text3        000000
__Htext4                       text4        000000
__Htext5                       text5        000000
__Htext7                       text7        000000
__Htext8                       text8        000000
__Htext9                       text9        000000
__LRAM                         (abs)        000001
__Labs1                        abs1         000000
__Lbank0                       bank0        000000
__Lbank1                       bank1        000000
__Lbank10                      bank10       000000
__Lbank11                      bank11       000000
__Lbank12                      bank12       000000
__Lbank13                      bank13       000000
__Lbank14                      bank14       000000
__Lbank15                      bank15       000000
__Lbank2                       bank2        000000
__Lbank3                       bank3        000000
__Lbank4                       bank4        000000
__Lbank5                       bank5        000000
__Lbank6                       bank6        000000
__Lbank7                       bank7        000000
__Lbank8                       bank8        000000
__Lbank9                       bank9        000000
__Lbigbss                      bigbss       000000
__Lbigdata                     bigdata      000000
__Lbigram                      bigram       000000
__Lbss                         bss          000000
__LbssCOMRAM                   bssCOMRAM    000000
__Lcinit                       cinit        000000
__Lclrtext                     clrtext      000000
__Lcomram                      comram       000000
__Lconfig                      config       300000
__Lconst                       const        000000
__LcstackCOMRAM                cstackCOMRAM 000000
__Ldata                        data         000000
__LdataCOMRAM                  dataCOMRAM   000000
__Leeprom_data                 eeprom_data  000000
__Lend_init                    end_init     000446
__Lfarbss                      farbss       000000
__Lfardata                     fardata      000000
__Libigdata                    ibigdata     000000
__Lidata                       idata        000000
__LidataCOMRAM                 idataCOMRAM  000000
__Lidloc                       idloc        200000
__Lifardata                    ifardata     000000
__Linit                        init         000446
__Lintcode                     intcode      000008
__Lintcode_body                intcode_body 000000
__Lintcodelo                   intcodelo    000446
__Lintentry                    intentry     000000
__Lintret                      intret       000000
__Lintsave_regs                intsave_regs 000000
__Lirdata                      irdata       000000
__Lmediumconst                 mediumconst  000000
__LnvCOMRAM                    nvCOMRAM     000000
__Lnvbit                       nvbit        000000
__Lnvrram                      nvrram       000000
__Lparam                       rparam       000000
__Lpowerup                     powerup      000446
__Lram                         ram          000000
__Lramtop                      ramtop       001000
__Lrbit                        rbit         000000
__Lrbss                        rbss         000000
__Lrdata                       rdata        000000
__Lreset_vec                   reset_vec    000000
__Lrparam                      rparam       000000
__Lsfr                         sfr          000000
__Lsmallconst                  smallconst   000000
__Lstruct                      struct       000000
__Ltemp                        temp         000000
__Ltext                        text         000000
__Ltext0                       text0        000000
__Ltext1                       text1        000000
__Ltext10                      text10       000000
__Ltext11                      text11       000000
__Ltext12                      text12       000000
__Ltext13                      text13       000000
__Ltext2                       text2        000000
__Ltext3                       text3        000000
__Ltext4                       text4        000000
__Ltext5                       text5        000000
__Ltext7                       text7        000000
__Ltext8                       text8        000000
__Ltext9                       text9        000000
__S0                           (abs)        30000E
__S1                           (abs)        000055
___awdiv                       text11       00050E
___awdiv@counter               cstackCOMRAM 000024
___awdiv@dividend              cstackCOMRAM 00001F
___awdiv@divisor               cstackCOMRAM 000021
___awdiv@quotient              cstackCOMRAM 000026
___awdiv@sign                  cstackCOMRAM 000025
__accesstop                    (abs)        000060
__activetblptr                 (abs)        000000
__end_of_InterruptHandlerHigh  intcode      000446
__end_of_SETUP_PWM             text5        000608
__end_of_SETUP_T0_activate     text9        00069A
__end_of_SETUP_T0_deactivate   text10       0006A2
__end_of_SETUP_clock           text1        000680
__end_of_SETUP_i2c             text3        000672
__end_of_SETUP_io              text2        000658
__end_of_SETUP_releaseI2C      text8        0006B4
__end_of_SETUP_swI2C_intOff    text7        0006AE
__end_of_SETUP_swI2C_intOn     text4        0006A8
__end_of___awdiv               text11       0005CA
__end_of__initialization       cinit        000634
__end_of_main                  text0        00050E
__end_ofi2_SETUP_swI2C_intOn   text12       0006BA
__initialization               cinit        000608
__mediumconst                  mediumconst  000000
__pbssCOMRAM                   bssCOMRAM    000001
__pcinit                       cinit        000608
__pcstackCOMRAM                cstackCOMRAM 00001F
__pdataCOMRAM                  dataCOMRAM   00003C
__pidataCOMRAM                 idataCOMRAM  000680
__pintcode                     intcode      000008
__pnvCOMRAM                    nvCOMRAM     000049
__ptext0                       text0        00044A
__ptext1                       text1        000672
__ptext10                      text10       00069A
__ptext11                      text11       00050E
__ptext12                      text12       0006B4
__ptext13                      text13       000000
__ptext2                       text2        00063A
__ptext3                       text3        000658
__ptext4                       text4        0006A2
__ptext5                       text5        0005CA
__ptext7                       text7        0006A8
__ptext8                       text8        0006AE
__ptext9                       text9        00068E
__ramtop                       ramtop       001000
__size_of_InterruptHandlerHigh (abs)        000000
__size_of_SETUP_PWM            (abs)        000000
__size_of_SETUP_T0_activate    (abs)        000000
__size_of_SETUP_T0_deactivate  (abs)        000000
__size_of_SETUP_clock          (abs)        000000
__size_of_SETUP_i2c            (abs)        000000
__size_of_SETUP_io             (abs)        000000
__size_of_SETUP_releaseI2C     (abs)        000000
__size_of_SETUP_swI2C_intOff   (abs)        000000
__size_of_SETUP_swI2C_intOn    (abs)        000000
__size_of___awdiv              (abs)        000000
__size_of_main                 (abs)        000000
__size_ofi2_SETUP_swI2C_intOn  (abs)        000000
__smallconst                   smallconst   000000
_checksum                      bssCOMRAM    000015
_count                         bssCOMRAM    000011
_dataBuffer                    bssCOMRAM    000017
_data_updated                  bssCOMRAM    000016
_kickAutoCount                 bssCOMRAM    000001
_main                          text0        00044A
_percentActuation              dataCOMRAM   00003C
end_of_initialization          cinit        000634
i2_SETUP_swI2C_intOn           text12       0006B4
intlevel0                      text         000000
intlevel1                      text         000000
intlevel2                      text         000000
intlevel3                      text         000000
main@i                         cstackCOMRAM 000038
start                          init         000446
start_initialization           cinit        000608


FUNCTION INFORMATION:

 *************** function _main *****************
 Defined at:
		line 53 in file "main.c"
 Parameters:    Size  Location     Type
		None
 Auto vars:     Size  Location     Type
  i               4   25[COMRAM] long 
 Return value:  Size  Location     Type
                  2  193[COMRAM] int 
 Registers used:
		wreg, status,2, status,0, cstack
 Tracked objects:
		On entry : 
		On exit  : 
		Unchanged: 
 Data sizes:     COMRAM   BANK0   BANK1   BANK2   BANK3   BANK4   BANK5   BANK6   BANK7   BANK8   BANK9  BANK10  BANK11  BANK12  BANK13  BANK14  BANK15
      Params:         0       0       0       0       0       0       0       0       0       0       0       0       0       0       0       0       0
      Locals:         4       0       0       0       0       0       0       0       0       0       0       0       0       0       0       0       0
      Temps:          0       0       0       0       0       0       0       0       0       0       0       0       0       0       0       0       0
      Totals:         4       0       0       0       0       0       0       0       0       0       0       0       0       0       0       0       0
Total ram usage:        4 bytes
 Hardware stack levels required when called:    3
 This function calls:
		_SETUP_clock
		_SETUP_io
		_SETUP_i2c
		_SETUP_PWM
		_SETUP_swI2C_intOn
 This function is called by:
		Startup code after reset
 This function uses a non-reentrant model


 *************** function _SETUP_clock *****************
 Defined at:
		line 5 in file "src/setup.c"
 Parameters:    Size  Location     Type
		None
 Auto vars:     Size  Location     Type
		None
 Return value:  Size  Location     Type
		None               void
 Registers used:
		wreg, status,2
 Tracked objects:
		On entry : 
		On exit  : 
		Unchanged: 
 Data sizes:     COMRAM   BANK0   BANK1   BANK2   BANK3   BANK4   BANK5   BANK6   BANK7   BANK8   BANK9  BANK10  BANK11  BANK12  BANK13  BANK14  BANK15
      Params:         0       0       0       0       0       0       0       0       0       0       0       0       0       0       0       0       0
      Locals:         0       0       0       0       0       0       0       0       0       0       0       0       0       0       0       0       0
      Temps:          0       0       0       0       0       0       0       0       0       0       0       0       0       0       0       0       0
      Totals:         0       0       0       0       0       0       0       0       0       0       0       0       0       0       0       0       0
Total ram usage:        0 bytes
 Hardware stack levels used:    1
 Hardware stack levels required when called:    2
 This function calls:
		Nothing
 This function is called by:
		_main
 This function uses a non-reentrant model


 *************** function _SETUP_io *****************
 Defined at:
		line 17 in file "src/setup.c"
 Parameters:    Size  Location     Type
		None
 Auto vars:     Size  Location     Type
		None
 Return value:  Size  Location     Type
		None               void
 Registers used:
		wreg, status,2, status,0
 Tracked objects:
		On entry : 
		On exit  : 
		Unchanged: 
 Data sizes:     COMRAM   BANK0   BANK1   BANK2   BANK3   BANK4   BANK5   BANK6   BANK7   BANK8   BANK9  BANK10  BANK11  BANK12  BANK13  BANK14  BANK15
      Params:         0       0       0       0       0       0       0       0       0       0       0       0       0       0       0       0       0
      Locals:         0       0       0       0       0       0       0       0       0       0       0       0       0       0       0       0       0
      Temps:          0       0       0       0       0       0       0       0       0       0       0       0       0       0       0       0       0
      Totals:         0       0       0       0       0       0       0       0       0       0       0       0       0       0       0       0       0
Total ram usage:        0 bytes
 Hardware stack levels used:    1
 Hardware stack levels required when called:    2
 This function calls:
		Nothing
 This function is called by:
		_main
 This function uses a non-reentrant model


 *************** function _SETUP_i2c *****************
 Defined at:
		line 36 in file "src/setup.c"
 Parameters:    Size  Location     Type
		None
 Auto vars:     Size  Location     Type
		None
 Return value:  Size  Location     Type
		None               void
 Registers used:
		wreg, status,2, status,0
 Tracked objects:
		On entry : 
		On exit  : 
		Unchanged: 
 Data sizes:     COMRAM   BANK0   BANK1   BANK2   BANK3   BANK4   BANK5   BANK6   BANK7   BANK8   BANK9  BANK10  BANK11  BANK12  BANK13  BANK14  BANK15
      Params:         0       0       0       0       0       0       0       0       0       0       0       0       0       0       0       0       0
      Locals:         0       0       0       0       0       0       0       0       0       0       0       0       0       0       0       0       0
      Temps:          0       0       0       0       0       0       0       0       0       0       0       0       0       0       0       0       0
      Totals:         0       0       0       0       0       0       0       0       0       0       0       0       0       0       0       0       0
Total ram usage:        0 bytes
 Hardware stack levels used:    1
 Hardware stack levels required when called:    2
 This function calls:
		Nothing
 This function is called by:
		_main
 This function uses a non-reentrant model


 *************** function _SETUP_swI2C_intOn *****************
 Defined at:
		line 60 in file "src/setup.c"
 Parameters:    Size  Location     Type
		None
 Auto vars:     Size  Location     Type
		None
 Return value:  Size  Location     Type
		None               void
 Registers used:
		None
 Tracked objects:
		On entry : 
		On exit  : 
		Unchanged: 
 Data sizes:     COMRAM   BANK0   BANK1   BANK2   BANK3   BANK4   BANK5   BANK6   BANK7   BANK8   BANK9  BANK10  BANK11  BANK12  BANK13  BANK14  BANK15
      Params:         0       0       0       0       0       0       0       0       0       0       0       0       0       0       0       0       0
      Locals:         0       0       0       0       0       0       0       0       0       0       0       0       0       0       0       0       0
      Temps:          0       0       0       0       0       0       0       0       0       0       0       0       0       0       0       0       0
      Totals:         0       0       0       0       0       0       0       0       0       0       0       0       0       0       0       0       0
Total ram usage:        0 bytes
 Hardware stack levels used:    1
 Hardware stack levels required when called:    2
 This function calls:
		Nothing
 This function is called by:
		_main
 This function uses a non-reentrant model


 *************** function _SETUP_PWM *****************
 Defined at:
		line 110 in file "src/setup.c"
 Parameters:    Size  Location     Type
		None
 Auto vars:     Size  Location     Type
		None
 Return value:  Size  Location     Type
		None               void
 Registers used:
		wreg, status,2
 Tracked objects:
		On entry : 
		On exit  : 
		Unchanged: 
 Data sizes:     COMRAM   BANK0   BANK1   BANK2   BANK3   BANK4   BANK5   BANK6   BANK7   BANK8   BANK9  BANK10  BANK11  BANK12  BANK13  BANK14  BANK15
      Params:         0       0       0       0       0       0       0       0       0       0       0       0       0       0       0       0       0
      Locals:         0       0       0       0       0       0       0       0       0       0       0       0       0       0       0       0       0
      Temps:          0       0       0       0       0       0       0       0       0       0       0       0       0       0       0       0       0
      Totals:         0       0       0       0       0       0       0       0       0       0       0       0       0       0       0       0       0
Total ram usage:        0 bytes
 Hardware stack levels used:    1
 Hardware stack levels required when called:    2
 This function calls:
		Nothing
 This function is called by:
		_main
 This function uses a non-reentrant model


 *************** function _InterruptHandlerHigh *****************
 Defined at:
		line 96 in file "main.c"
 Parameters:    Size  Location     Type
		None
 Auto vars:     Size  Location     Type
  buffer          1   24[COMRAM] unsigned char 
 Return value:  Size  Location     Type
		None               void
 Registers used:
		wreg, fsr2l, fsr2h, status,2, status,0, prodl, prodh, cstack
 Tracked objects:
		On entry : 
		On exit  : 
		Unchanged: 
 Data sizes:     COMRAM   BANK0   BANK1   BANK2   BANK3   BANK4   BANK5   BANK6   BANK7   BANK8   BANK9  BANK10  BANK11  BANK12  BANK13  BANK14  BANK15
      Params:         0       0       0       0       0       0       0       0       0       0       0       0       0       0       0       0       0
      Locals:         1       0       0       0       0       0       0       0       0       0       0       0       0       0       0       0       0
      Temps:         15       0       0       0       0       0       0       0       0       0       0       0       0       0       0       0       0
      Totals:        16       0       0       0       0       0       0       0       0       0       0       0       0       0       0       0       0
Total ram usage:       16 bytes
 Hardware stack levels used:    1
 Hardware stack levels required when called:    1
 This function calls:
		_SETUP_releaseI2C
		_SETUP_swI2C_intOff
		___awdiv
		_SETUP_T0_activate
		_SETUP_T0_deactivate
		i2_SETUP_swI2C_intOn
 This function is called by:
		Interrupt level 2
 This function uses a non-reentrant model


 *************** function _SETUP_swI2C_intOff *****************
 Defined at:
		line 65 in file "src/setup.c"
 Parameters:    Size  Location     Type
		None
 Auto vars:     Size  Location     Type
		None
 Return value:  Size  Location     Type
		None               void
 Registers used:
		None
 Tracked objects:
		On entry : 
		On exit  : 
		Unchanged: 
 Data sizes:     COMRAM   BANK0   BANK1   BANK2   BANK3   BANK4   BANK5   BANK6   BANK7   BANK8   BANK9  BANK10  BANK11  BANK12  BANK13  BANK14  BANK15
      Params:         0       0       0       0       0       0       0       0       0       0       0       0       0       0       0       0       0
      Locals:         0       0       0       0       0       0       0       0       0       0       0       0       0       0       0       0       0
      Temps:          0       0       0       0       0       0       0       0       0       0       0       0       0       0       0       0       0
      Totals:         0       0       0       0       0       0       0       0       0       0       0       0       0       0       0       0       0
Total ram usage:        0 bytes
 Hardware stack levels used:    1
 This function calls:
		Nothing
 This function is called by:
		_InterruptHandlerHigh
 This function uses a non-reentrant model


 *************** function _SETUP_releaseI2C *****************
 Defined at:
		line 70 in file "src/setup.c"
 Parameters:    Size  Location     Type
		None
 Auto vars:     Size  Location     Type
		None
 Return value:  Size  Location     Type
		None               void
 Registers used:
		None
 Tracked objects:
		On entry : 
		On exit  : 
		Unchanged: 
 Data sizes:     COMRAM   BANK0   BANK1   BANK2   BANK3   BANK4   BANK5   BANK6   BANK7   BANK8   BANK9  BANK10  BANK11  BANK12  BANK13  BANK14  BANK15
      Params:         0       0       0       0       0       0       0       0       0       0       0       0       0       0       0       0       0
      Locals:         0       0       0       0       0       0       0       0       0       0       0       0       0       0       0       0       0
      Temps:          0       0       0       0       0       0       0       0       0       0       0       0       0       0       0       0       0
      Totals:         0       0       0       0       0       0       0       0       0       0       0       0       0       0       0       0       0
Total ram usage:        0 bytes
 Hardware stack levels used:    1
 This function calls:
		Nothing
 This function is called by:
		_InterruptHandlerHigh
 This function uses a non-reentrant model


 *************** function _SETUP_T0_activate *****************
 Defined at:
		line 87 in file "src/setup.c"
 Parameters:    Size  Location     Type
  TIMER_MATCH     1    0[COMRAM] unsigned char 
 Auto vars:     Size  Location     Type
		None
 Return value:  Size  Location     Type
		None               void
 Registers used:
		None
 Tracked objects:
		On entry : 
		On exit  : 
		Unchanged: 
 Data sizes:     COMRAM   BANK0   BANK1   BANK2   BANK3   BANK4   BANK5   BANK6   BANK7   BANK8   BANK9  BANK10  BANK11  BANK12  BANK13  BANK14  BANK15
      Params:         1       0       0       0       0       0       0       0       0       0       0       0       0       0       0       0       0
      Locals:         0       0       0       0       0       0       0       0       0       0       0       0       0       0       0       0       0
      Temps:          0       0       0       0       0       0       0       0       0       0       0       0       0       0       0       0       0
      Totals:         1       0       0       0       0       0       0       0       0       0       0       0       0       0       0       0       0
Total ram usage:        1 bytes
 Hardware stack levels used:    1
 This function calls:
		Nothing
 This function is called by:
		_InterruptHandlerHigh
 This function uses a non-reentrant model


 *************** function _SETUP_T0_deactivate *****************
 Defined at:
		line 94 in file "src/setup.c"
 Parameters:    Size  Location     Type
		None
 Auto vars:     Size  Location     Type
		None
 Return value:  Size  Location     Type
		None               void
 Registers used:
		None
 Tracked objects:
		On entry : 
		On exit  : 
		Unchanged: 
 Data sizes:     COMRAM   BANK0   BANK1   BANK2   BANK3   BANK4   BANK5   BANK6   BANK7   BANK8   BANK9  BANK10  BANK11  BANK12  BANK13  BANK14  BANK15
      Params:         0       0       0       0       0       0       0       0       0       0       0       0       0       0       0       0       0
      Locals:         0       0       0       0       0       0       0       0       0       0       0       0       0       0       0       0       0
      Temps:          0       0       0       0       0       0       0       0       0       0       0       0       0       0       0       0       0
      Totals:         0       0       0       0       0       0       0       0       0       0       0       0       0       0       0       0       0
Total ram usage:        0 bytes
 Hardware stack levels used:    1
 This function calls:
		Nothing
 This function is called by:
		_InterruptHandlerHigh
 This function uses a non-reentrant model


 *************** function ___awdiv *****************
 Defined at:
		line 10 in file "/opt/microchip/xc8/v1.12/sources/awdiv.c"
 Parameters:    Size  Location     Type
  dividend        2    0[COMRAM] int 
  divisor         2    2[COMRAM] int 
 Auto vars:     Size  Location     Type
  quotient        2    7[COMRAM] int 
  sign            1    6[COMRAM] unsigned char 
  counter         1    5[COMRAM] unsigned char 
 Return value:  Size  Location     Type
                  2    0[COMRAM] int 
 Registers used:
		wreg, status,2, status,0
 Tracked objects:
		On entry : 
		On exit  : 
		Unchanged: 
 Data sizes:     COMRAM   BANK0   BANK1   BANK2   BANK3   BANK4   BANK5   BANK6   BANK7   BANK8   BANK9  BANK10  BANK11  BANK12  BANK13  BANK14  BANK15
      Params:         4       0       0       0       0       0       0       0       0       0       0       0       0       0       0       0       0
      Locals:         4       0       0       0       0       0       0       0       0       0       0       0       0       0       0       0       0
      Temps:          1       0       0       0       0       0       0       0       0       0       0       0       0       0       0       0       0
      Totals:         9       0       0       0       0       0       0       0       0       0       0       0       0       0       0       0       0
Total ram usage:        9 bytes
 Hardware stack levels used:    1
 This function calls:
		Nothing
 This function is called by:
		_InterruptHandlerHigh
 This function uses a non-reentrant model


 *************** function i2_SETUP_swI2C_intOn *****************
 Defined at:
		line 60 in file "src/setup.c"
 Parameters:    Size  Location     Type
		None
 Auto vars:     Size  Location     Type
		None
 Return value:  Size  Location     Type
		None               void
 Registers used:
		None
 Tracked objects:
		On entry : 
		On exit  : 
		Unchanged: 
 Data sizes:     COMRAM   BANK0   BANK1   BANK2   BANK3   BANK4   BANK5   BANK6   BANK7   BANK8   BANK9  BANK10  BANK11  BANK12  BANK13  BANK14  BANK15
      Params:         0       0       0       0       0       0       0       0       0       0       0       0       0       0       0       0       0
      Locals:         0       0       0       0       0       0       0       0       0       0       0       0       0       0       0       0       0
      Temps:          0       0       0       0       0       0       0       0       0       0       0       0       0       0       0       0       0
      Totals:         0       0       0       0       0       0       0       0       0       0       0       0       0       0       0       0       0
Total ram usage:        0 bytes
 Hardware stack levels used:    1
 This function calls:
		Nothing
 This function is called by:
		_InterruptHandlerHigh
 This function uses a non-reentrant model



MODULE INFORMATION

Module		Function		Class		Link	Load	Size
shared
		__initializatio		CODE           	0608	0000	44
		i2_SETUP_swI2C_		CODE           	06B4	0000	6

shared estimated size: 50

src/setup.c
		_SETUP_io      		CODE           	063A	0000	30
		_SETUP_i2c     		CODE           	0658	0000	26
		_SETUP_swI2C_in		CODE           	06A2	0000	6
		_SETUP_swI2C_in		CODE           	06A8	0000	6
		_SETUP_T0_deact		CODE           	069A	0000	8
		_SETUP_PWM     		CODE           	05CA	0000	62
		_SETUP_T0_activ		CODE           	068E	0000	12
		_SETUP_clock   		CODE           	0672	0000	14
		_SETUP_releaseI		CODE           	06AE	0000	6

src/setup.c estimated size: 170

main.c
		_main          		CODE           	044A	0000	196
		_InterruptHandl		CODE           	0008	0000	1086

main.c estimated size: 1282

/opt/microchip/xc8/v1.12/sources/awdiv.c
		___awdiv       		CODE           	050E	0000	188

/opt/microchip/xc8/v1.12/sources/awdiv.c estimated size: 188

